<?xml version="1.0" encoding="utf-8"?>
<TestRun id="8d61d194-aeeb-4080-a8ad-2ee7b368b9b5" name="NewM@NEWM-RC06 2021-08-24 10:11:24" runUser="NEWM-RC06\NewM" xmlns="http://microsoft.com/schemas/VisualStudio/TeamTest/2010">
  <Times creation="2021-08-24T10:11:24.6647363-03:00" queuing="2021-08-24T10:11:24.6647377-03:00" start="2021-08-24T10:11:20.9873562-03:00" finish="2021-08-24T10:11:24.6718807-03:00" />
  <TestSettings name="default" id="e97545f8-eae2-40ec-9f34-8660e4abf882">
    <Deployment runDeploymentRoot="NewM_NEWM-RC06_2021-08-24_10_11_24" />
  </TestSettings>
  <Results>
    <UnitTestResult executionId="05387ab9-cf05-495c-8267-1523b5608e3c" testId="802b02be-524c-cf5a-8153-696af31aae41" testName="ShouldSeeLoggedUser" computerName="NEWM-RC06" duration="00:00:02.8149170" startTime="2021-08-24T10:11:21.0000000-03:00" endTime="2021-08-24T10:11:24.0000000-03:00" testType="13cdc9d9-ddb5-4fa4-a97d-d965ccfc6d4b" outcome="Passed" testListId="8c84fa94-04c1-424b-9868-57a2d4851a1d" relativeResultsDirectory="05387ab9-cf05-495c-8267-1523b5608e3c" />
  </Results>
  <TestDefinitions>
    <UnitTest name="ShouldSeeLoggedUser" storage="c:\qaninja\ninjaplus-net\bin\debug\net5.0\ninjaplus-net.dll" id="802b02be-524c-cf5a-8153-696af31aae41">
      <Execution id="05387ab9-cf05-495c-8267-1523b5608e3c" />
      <TestMethod codeBase="C:\qaninja\ninjaplus-net\bin\Debug\net5.0\ninjaplus-net.dll" adapterTypeName="executor://nunit3testexecutor/" className="NinjaPlus.Tests.LoginTests" name="ShouldSeeLoggedUser" />
    </UnitTest>
  </TestDefinitions>
  <TestEntries>
    <TestEntry testId="802b02be-524c-cf5a-8153-696af31aae41" executionId="05387ab9-cf05-495c-8267-1523b5608e3c" testListId="8c84fa94-04c1-424b-9868-57a2d4851a1d" />
  </TestEntries>
  <TestLists>
    <TestList name="Resultados que não estão em uma lista" id="8c84fa94-04c1-424b-9868-57a2d4851a1d" />
    <TestList name="Todos os resultados carregados" id="19431567-8539-422a-85d7-44ee4e166bda" />
  </TestLists>
  <ResultSummary outcome="Completed">
    <Counters total="1" executed="1" passed="1" failed="0" error="0" timeout="0" aborted="0" inconclusive="0" passedButRunAborted="0" notRunnable="0" notExecuted="0" disconnected="0" warning="0" completed="0" inProgress="0" pending="0" />
    <Output>
      <StdOut>NUnit Adapter 3.16.1.0: Test execution started&#xD;
Running all tests in C:\qaninja\ninjaplus-net\bin\Debug\net5.0\ninjaplus-net.dll&#xD;
   NUnit3TestExecutor converted 10 of 10 NUnit test cases&#xD;
NUnit Adapter 3.16.1.0: Test execution complete&#xD;
</StdOut>
    </Output>
  </ResultSummary>
</TestRun>